Warning: The following library cells don't have power description:TAP   (PWR-682)
 
****************************************
Report : power
        -analysis_effort low
Design : riscv_core
Version: L-2016.03-SP1
Date   : Sat Jan  6 21:33:31 2024
****************************************


Library(s) Used:

    NangateOpenCellLibrary_ff1p25v0c (File: /home/IC/NangateOpenCellLibrary_PDKv1_3_v2010_12/lib/Front_End/Liberty/NLDM/NangateOpenCellLibrary_ff1p25v0c.db)


Operating Conditions: fast   Library: NangateOpenCellLibrary_ff1p25v0c
Wire Load Model Mode: top

Design        Wire Load Model            Library
------------------------------------------------
riscv_core             5K_hvratio_1_1    NangateOpenCellLibrary_ff1p25v0c


Global Operating Voltage = 1.25 
Power-specific unit information :
    Voltage Units = 1V
    Capacitance Units = 1.000000ff
    Time Units = 1ns
    Dynamic Power Units = 1uW    (derived from V,C,T units)
    Leakage Power Units = 1nW


  Cell Internal Power  =   4.0892 mW   (64%)
  Net Switching Power  =   2.3121 mW   (36%)
                         ---------
Total Dynamic Power    =   6.4013 mW  (100%)

Cell Leakage Power     =   3.2123 mW


                 Internal         Switching           Leakage            Total
Power Group      Power            Power               Power              Power   (   %    )  Attrs
--------------------------------------------------------------------------------------------------
io_pad             0.0000            0.0000            0.0000            0.0000  (   0.00%)
memory             0.0000            0.0000            0.0000            0.0000  (   0.00%)
black_box          0.0000            0.0000            0.0000            0.0000  (   0.00%)
clock_network    600.1552        1.1392e+03        5.6360e+04        1.7957e+03  (  18.68%)
register       2.9934e+03           55.6421        6.6710e+05        3.7162e+03  (  38.66%)
sequential         0.0000            0.0000            0.0000            0.0000  (   0.00%)
combinational    495.6178        1.1172e+03        2.4889e+06        4.1017e+03  (  42.67%)
--------------------------------------------------------------------------------------------------
Total          4.0892e+03 uW     2.3121e+03 uW     3.2123e+06 nW     9.6136e+03 uW
1
