****************************************
Report : constraint
	-all_violators
	-path slack_only
Design : riscv_core
Version: K-2015.06
Date   : Sat Jan  6 19:16:32 2024
****************************************







   max_capacitance

                             Required        Actual
   Pin                      Capacitance    Capacitance       Slack
   -----------------------------------------------------------------
   U1195/Z                  121.4600       133.6629       -12.2029  (VIOLATED)
   clk_i_r_REG206_S28/QN     60.2722        68.7353        -8.4631  (VIOLATED)
   U16848/ZN                 23.2315        29.8322        -6.6007  (VIOLATED)
   clk_i_r_REG151_S31/QN     60.2722        66.2052        -5.9330  (VIOLATED)
   U872/Z                    60.5011        66.1698        -5.6687  (VIOLATED)
   clk_i_r_REG670_S11/Q      60.5774        65.2604        -4.6830  (VIOLATED)
   clk_i_r_REG155_S31/Q      60.6537        64.9654        -4.3117  (VIOLATED)
   U1857/ZN                  13.8092        17.5161        -3.7069  (VIOLATED)
   U2319/ZN                  13.8092        16.7257        -2.9165  (VIOLATED)
   U2021/ZN                  13.8092        16.4138        -2.6046  (VIOLATED)
   clk_i_r_REG178_S31/Q      60.6537        62.1462        -1.4925  (VIOLATED)
   U2280/ZN                  13.8092        15.2101        -1.4009  (VIOLATED)
   U16878/ZN                 26.0544        27.3673        -1.3129  (VIOLATED)
   clk_i_r_REG66_S32/Q       60.5774        61.6344        -1.0570  (VIOLATED)
   U3729/ZN                  13.8092        14.8514        -1.0422  (VIOLATED)
   U1590/ZN                  22.1634        23.0112        -0.8478  (VIOLATED)
   U5495/ZN                  14.4959        15.3382        -0.8423  (VIOLATED)
   U1792/ZN                  13.8092        14.5532        -0.7440  (VIOLATED)
   U2237/ZN                  13.8092        14.4872        -0.6780  (VIOLATED)
   U9539/ZN                  59.3567        60.0269        -0.6702  (VIOLATED)
   U18492/ZN                 26.7029        26.9180        -0.2151  (VIOLATED)
   U1493/Z                  121.4600       121.6445        -0.1845  (VIOLATED)
   U774/ZN                   26.7029        26.8488        -0.1459  (VIOLATED)


   max_transition

                             Required        Actual
   Pin                      Transition     Transition        Slack
   -----------------------------------------------------------------
   U9428/B1                   0.1462         0.2279        -0.0817  (VIOLATED)
   U11648/B1                  0.1462         0.2279        -0.0817  (VIOLATED)
   U11068/C2                  0.1462         0.2279        -0.0817  (VIOLATED)
   U8942/C2                   0.1462         0.2279        -0.0816  (VIOLATED)
   U9084/B2                   0.1462         0.2273        -0.0810  (VIOLATED)
   U13013/B2                  0.1462         0.2272        -0.0809  (VIOLATED)
   U15366/A2                  0.1462         0.2134        -0.0672  (VIOLATED)
   U14607/A2                  0.1462         0.2134        -0.0671  (VIOLATED)
   U10387/A2                  0.1462         0.2100        -0.0637  (VIOLATED)
   U13246/A2                  0.1462         0.2100        -0.0637  (VIOLATED)
   U15642/A2                  0.1462         0.2100        -0.0637  (VIOLATED)
   U17780/B1                  0.1462         0.2060        -0.0598  (VIOLATED)
   U18064/B1                  0.1462         0.2060        -0.0597  (VIOLATED)
   U15070/A2                  0.1462         0.2058        -0.0596  (VIOLATED)
   U18056/C2                  0.1462         0.2046        -0.0584  (VIOLATED)
   U15058/B1                  0.1462         0.2046        -0.0583  (VIOLATED)
   clk_i_r_REG146_S29/SN      0.1462         0.2010        -0.0548  (VIOLATED)
   clk_i_r_REG716_S16/SN      0.1462         0.2010        -0.0548  (VIOLATED)
   clk_i_r_REG1266_S13/SN     0.1462         0.2010        -0.0548  (VIOLATED)
   clk_i_r_REG1300_S12/SN     0.1462         0.2010        -0.0548  (VIOLATED)
   clk_i_r_REG1249_S32/SN     0.1462         0.2010        -0.0548  (VIOLATED)
   clk_i_r_REG766_S17/SN      0.1462         0.2010        -0.0548  (VIOLATED)
   clk_i_r_REG1283_S29/SN     0.1462         0.2010        -0.0548  (VIOLATED)
   clk_i_r_REG762_S17/SN      0.1462         0.2010        -0.0548  (VIOLATED)
   clk_i_r_REG823_S16/RN      0.1462         0.2010        -0.0548  (VIOLATED)
   clk_i_r_REG812_S16/RN      0.1462         0.2010        -0.0548  (VIOLATED)
   clk_i_r_REG975_S12/RN      0.1462         0.2010        -0.0548  (VIOLATED)
   clk_i_r_REG965_S7/RN       0.1462         0.2010        -0.0548  (VIOLATED)
   clk_i_r_REG792_S16/RN      0.1462         0.2010        -0.0548  (VIOLATED)
   clk_i_r_REG1138_S7/RN      0.1462         0.2010        -0.0548  (VIOLATED)
   clk_i_r_REG1334_S12/RN     0.1462         0.2010        -0.0548  (VIOLATED)
   clk_i_r_REG1107_S7/RN      0.1462         0.2010        -0.0548  (VIOLATED)
   clk_i_r_REG308_S75/RN      0.1462         0.2010        -0.0548  (VIOLATED)
   clk_i_r_REG944_S14/RN      0.1462         0.2010        -0.0548  (VIOLATED)
   clk_i_r_REG1043_S7/RN      0.1462         0.2010        -0.0548  (VIOLATED)
   clk_i_r_REG698_S12/RN      0.1462         0.2010        -0.0548  (VIOLATED)
   clk_i_r_REG278_S75/RN      0.1462         0.2010        -0.0547  (VIOLATED)
   clk_i_r_REG1234_S14/RN     0.1462         0.2010        -0.0547  (VIOLATED)
   clk_i_r_REG141_S16/RN      0.1462         0.2010        -0.0547  (VIOLATED)
   clk_i_r_REG977_S12/RN      0.1462         0.2010        -0.0547  (VIOLATED)
   clk_i_r_REG783_S16/RN      0.1462         0.2010        -0.0547  (VIOLATED)
   clk_i_r_REG1365_S12/RN     0.1462         0.2010        -0.0547  (VIOLATED)
   clk_i_r_REG1074_S7/RN      0.1462         0.2010        -0.0547  (VIOLATED)
   clk_i_r_REG367_S34/RN      0.1462         0.2010        -0.0547  (VIOLATED)
   clk_i_r_REG881_S7/RN       0.1462         0.2010        -0.0547  (VIOLATED)
   clk_i_r_REG489_S15/RN      0.1462         0.2010        -0.0547  (VIOLATED)
   clk_i_r_REG814_S16/RN      0.1462         0.2009        -0.0547  (VIOLATED)
   clk_i_r_REG1172_S7/RN      0.1462         0.2009        -0.0547  (VIOLATED)
   clk_i_r_REG1302_S12/RN     0.1462         0.2009        -0.0547  (VIOLATED)
   clk_i_r_REG1265_S7/SN      0.1462         0.2007        -0.0544  (VIOLATED)
   clk_i_r_REG1272_S7/SN      0.1462         0.2006        -0.0544  (VIOLATED)
   clk_i_r_REG744_S16/SN      0.1462         0.2006        -0.0544  (VIOLATED)
   clk_i_r_REG457_S14/RN      0.1462         0.2006        -0.0544  (VIOLATED)
   clk_i_r_REG806_S16/RN      0.1462         0.2006        -0.0543  (VIOLATED)
   clk_i_r_REG1202_S14/RN     0.1462         0.2006        -0.0543  (VIOLATED)
   clk_i_r_REG782_S16/RN      0.1462         0.2006        -0.0543  (VIOLATED)
   clk_i_r_REG753_S17/RN      0.1462         0.2006        -0.0543  (VIOLATED)
   clk_i_r_REG718_S16/RN      0.1462         0.2006        -0.0543  (VIOLATED)
   clk_i_r_REG556_S16/RN      0.1462         0.2006        -0.0543  (VIOLATED)
   clk_i_r_REG813_S16/RN      0.1462         0.2005        -0.0543  (VIOLATED)
   clk_i_r_REG976_S12/RN      0.1462         0.2004        -0.0541  (VIOLATED)
   clk_i_r_REG145_S16/SN      0.1462         0.2003        -0.0540  (VIOLATED)
   clk_i_r_REG420_S14/RN      0.1462         0.2002        -0.0540  (VIOLATED)
   clk_i_r_REG1268_S13/RN     0.1462         0.1999        -0.0537  (VIOLATED)
   U17772/C1                  0.1462         0.1992        -0.0530  (VIOLATED)
   U10379/B1                  0.1462         0.1968        -0.0506  (VIOLATED)
   U13237/B1                  0.1462         0.1968        -0.0506  (VIOLATED)
   U15633/B1                  0.1462         0.1968        -0.0506  (VIOLATED)
   U8447/A2                   0.1462         0.1839        -0.0376  (VIOLATED)
   U13334/A2                  0.1462         0.1839        -0.0376  (VIOLATED)
   U18160/A2                  0.1462         0.1839        -0.0376  (VIOLATED)
   U15999/A2                  0.1462         0.1838        -0.0376  (VIOLATED)
   U15734/A2                  0.1462         0.1837        -0.0374  (VIOLATED)
   U9617/A2                   0.1462         0.1837        -0.0374  (VIOLATED)
   U13053/A2                  0.1462         0.1837        -0.0374  (VIOLATED)
   U15445/A2                  0.1462         0.1837        -0.0374  (VIOLATED)
   U10961/B1                  0.1462         0.1825        -0.0362  (VIOLATED)
   U9703/B1                   0.1462         0.1824        -0.0362  (VIOLATED)
   U14753/C1                  0.1462         0.1824        -0.0362  (VIOLATED)
   U16179/A2                  0.1462         0.1823        -0.0361  (VIOLATED)
   U18384/A2                  0.1462         0.1823        -0.0361  (VIOLATED)
   U8709/A2                   0.1462         0.1814        -0.0352  (VIOLATED)
   U15911/A2                  0.1462         0.1814        -0.0352  (VIOLATED)
   U8462/A2                   0.1462         0.1768        -0.0306  (VIOLATED)
   U10881/B2                  0.1462         0.1768        -0.0306  (VIOLATED)
   U14685/C2                  0.1462         0.1768        -0.0306  (VIOLATED)
   U18176/A2                  0.1462         0.1767        -0.0305  (VIOLATED)
   U17836/A1                  0.1462         0.1766        -0.0304  (VIOLATED)
   U18120/A1                  0.1462         0.1766        -0.0304  (VIOLATED)
   U10493/A2                  0.1462         0.1742        -0.0280  (VIOLATED)
   U16977/A1                  0.1462         0.1687        -0.0225  (VIOLATED)
   U9586/B1                   0.1462         0.1655        -0.0192  (VIOLATED)
   U11102/C1                  0.1462         0.1655        -0.0192  (VIOLATED)
   U9158/B1                   0.1462         0.1655        -0.0192  (VIOLATED)
   U8995/B1                   0.1462         0.1655        -0.0192  (VIOLATED)
   U11173/B1                  0.1462         0.1655        -0.0192  (VIOLATED)
   U11501/B1                  0.1462         0.1655        -0.0192  (VIOLATED)
   U8815/B2                   0.1462         0.1654        -0.0192  (VIOLATED)
   U8905/B2                   0.1462         0.1654        -0.0192  (VIOLATED)
   U14903/B1                  0.1462         0.1651        -0.0189  (VIOLATED)
   U17290/B1                  0.1462         0.1624        -0.0161  (VIOLATED)
   U16303/A1                  0.1462         0.1623        -0.0161  (VIOLATED)
   U8860/B2                   0.1462         0.1623        -0.0161  (VIOLATED)
   U11024/B2                  0.1462         0.1623        -0.0161  (VIOLATED)
   U9036/B2                   0.1462         0.1623        -0.0161  (VIOLATED)
   U17035/A2                  0.1462         0.1623        -0.0161  (VIOLATED)
   U17036/B1                  0.1462         0.1623        -0.0161  (VIOLATED)
   U15833/B1                  0.1462         0.1622        -0.0159  (VIOLATED)
   U10569/B1                  0.1462         0.1619        -0.0156  (VIOLATED)
   U11066/C2                  0.1462         0.1617        -0.0155  (VIOLATED)
   U8940/C2                   0.1462         0.1617        -0.0155  (VIOLATED)
   U9416/B1                   0.1462         0.1617        -0.0155  (VIOLATED)
   U11659/B1                  0.1462         0.1617        -0.0155  (VIOLATED)
   U9081/B2                   0.1462         0.1617        -0.0155  (VIOLATED)
   U13010/B2                  0.1462         0.1617        -0.0155  (VIOLATED)
   U9723/B1                   0.1462         0.1610        -0.0147  (VIOLATED)
   U15520/B1                  0.1462         0.1610        -0.0147  (VIOLATED)
   U13125/B1                  0.1462         0.1602        -0.0140  (VIOLATED)
   U15764/A2                  0.1462         0.1600        -0.0138  (VIOLATED)
   U8476/A2                   0.1462         0.1600        -0.0138  (VIOLATED)
   U16029/A2                  0.1462         0.1600        -0.0138  (VIOLATED)
   U18192/A2                  0.1462         0.1600        -0.0138  (VIOLATED)
   U17820/A1                  0.1462         0.1599        -0.0136  (VIOLATED)
   U18104/A1                  0.1462         0.1599        -0.0136  (VIOLATED)
   U15070/B1                  0.1462         0.1591        -0.0128  (VIOLATED)
   U17780/C1                  0.1462         0.1590        -0.0128  (VIOLATED)
   U18064/C2                  0.1462         0.1590        -0.0128  (VIOLATED)
   U17614/B2                  0.1462         0.1580        -0.0118  (VIOLATED)
   U17620/A2                  0.1462         0.1580        -0.0118  (VIOLATED)
   U17894/B2                  0.1462         0.1580        -0.0118  (VIOLATED)
   U17898/B1                  0.1462         0.1580        -0.0118  (VIOLATED)
   U17900/A2                  0.1462         0.1580        -0.0118  (VIOLATED)
   U17618/B1                  0.1462         0.1580        -0.0118  (VIOLATED)
   U16997/A1                  0.1462         0.1579        -0.0117  (VIOLATED)
   U10515/A2                  0.1462         0.1579        -0.0117  (VIOLATED)
   U15334/A2                  0.1462         0.1554        -0.0092  (VIOLATED)
   U15022/A2                  0.1462         0.1554        -0.0092  (VIOLATED)
   U10347/A2                  0.1462         0.1554        -0.0092  (VIOLATED)
   U15606/A2                  0.1462         0.1554        -0.0092  (VIOLATED)
   U13210/A2                  0.1462         0.1554        -0.0092  (VIOLATED)
   U17748/B1                  0.1462         0.1554        -0.0092  (VIOLATED)
   U18032/B1                  0.1462         0.1554        -0.0092  (VIOLATED)
   U13487/A2                  0.1462         0.1554        -0.0092  (VIOLATED)
   U16654/A2                  0.1462         0.1549        -0.0087  (VIOLATED)
   U11783/A2                  0.1462         0.1549        -0.0087  (VIOLATED)
   U17575/A2                  0.1462         0.1546        -0.0083  (VIOLATED)
   U10387/B1                  0.1462         0.1538        -0.0076  (VIOLATED)
   U13246/B1                  0.1462         0.1538        -0.0076  (VIOLATED)
   U15642/B1                  0.1462         0.1538        -0.0076  (VIOLATED)
   U15094/B1                  0.1462         0.1533        -0.0070  (VIOLATED)
   U18080/C2                  0.1462         0.1532        -0.0070  (VIOLATED)
   U10403/B1                  0.1462         0.1532        -0.0069  (VIOLATED)
   U13264/B1                  0.1462         0.1532        -0.0069  (VIOLATED)
   U15660/B1                  0.1462         0.1532        -0.0069  (VIOLATED)
   U17796/B1                  0.1462         0.1532        -0.0069  (VIOLATED)
   U11080/B2                  0.1462         0.1530        -0.0068  (VIOLATED)
   U8954/B2                   0.1462         0.1530        -0.0068  (VIOLATED)
   U9108/B2                   0.1462         0.1530        -0.0068  (VIOLATED)
   U11790/B1                  0.1462         0.1530        -0.0067  (VIOLATED)
   U10500/B1                  0.1462         0.1523        -0.0061  (VIOLATED)
   U10458/A2                  0.1462         0.1510        -0.0047  (VIOLATED)
   U13326/A2                  0.1462         0.1510        -0.0047  (VIOLATED)
   U15726/A2                  0.1462         0.1510        -0.0047  (VIOLATED)
   U17847/C1                  0.1462         0.1509        -0.0047  (VIOLATED)
   U18136/C1                  0.1462         0.1509        -0.0047  (VIOLATED)
   U15742/A2                  0.1462         0.1509        -0.0046  (VIOLATED)
   U8455/A2                   0.1462         0.1508        -0.0045  (VIOLATED)
   U10482/A2                  0.1462         0.1505        -0.0043  (VIOLATED)
   U15171/A2                  0.1462         0.1505        -0.0043  (VIOLATED)
   U9465/B1                   0.1462         0.1504        -0.0042  (VIOLATED)
   U11682/B1                  0.1462         0.1504        -0.0042  (VIOLATED)
   U14676/A2                  0.1462         0.1502        -0.0039  (VIOLATED)
   U16007/A2                  0.1462         0.1502        -0.0039  (VIOLATED)
   U9698/B1                   0.1462         0.1490        -0.0028  (VIOLATED)
   U10899/B1                  0.1462         0.1490        -0.0027  (VIOLATED)
   U9091/B1                   0.1462         0.1489        -0.0027  (VIOLATED)
   U8947/B1                   0.1462         0.1489        -0.0026  (VIOLATED)
   U11073/B1                  0.1462         0.1487        -0.0024  (VIOLATED)
   U10890/B2                  0.1462         0.1486        -0.0024  (VIOLATED)
   U15436/A2                  0.1462         0.1480        -0.0017  (VIOLATED)
   U11074/C2                  0.1462         0.1477        -0.0014  (VIOLATED)
   U8948/C2                   0.1462         0.1475        -0.0013  (VIOLATED)
   U9098/B2                   0.1462         0.1475        -0.0013  (VIOLATED)
   U17539/A2                  0.1462         0.1472        -0.0010  (VIOLATED)
   U9383/A1                   0.1462         0.1464        -0.0002  (VIOLATED)
   U11588/B1                  0.1462         0.1464        -0.0002  (VIOLATED)
   U17448/C1                  0.1462         0.1463        -0.0001  (VIOLATED)
   U17452/B1                  0.1462         0.1463        -0.0001  (VIOLATED)


   max_area

                             Required        Actual
   Design                       Area           Area          Slack
   -----------------------------------------------------------------
   riscv_core                 0.0000       46896.6133     -46896.6133
                                                                    (VIOLATED)


1
